// Jest Snapshot v1, https://goo.gl/fbAQLP

exports[`<DeregistrationOffcanvas/> should render 1`] = `
<div
  aria-labelledby="offcanvas-inspection-deregistration"
  aria-modal="true"
  class="offcanvas offcanvas-end offcanvas-toggling show"
  role="dialog"
  style="width: 450px; visibility: visible;"
  tabindex="-1"
>
  <div
    class="offcanvas-header"
  >
    <div
      class="offcanvas-title h5"
      id="offcanvas-inspection-deregistration"
    >
      inspection.planned.deregistration.header
    </div>
    <button
      aria-label="Close"
      class="btn-close"
      type="button"
    />
  </div>
  <div
    class="offcanvas-body"
  >
    <div
      class="row justify-content-between mb-3"
    >
      <div
        class="col-auto"
      >
        <div
          class="position-relativ"
          style="max-width: 200px;"
        >
          <div
            data-testid="autocomplete-field-group"
          >
            <label
              class="form-label"
            >
              inspection.planned.deregistration.label.add
            </label>
            <input
              aria-controls="autocomplete-options"
              aria-expanded="false"
              class="form-control"
              type="text"
              value=""
            />
          </div>
        </div>
      </div>
    </div>
    <table
      class="table"
    >
      <thead>
        <tr>
          <th />
          <th>
            inspection.planned.deregistration.label.person
          </th>
          <th>
            inspection.planned.deregistration.label.date
          </th>
        </tr>
      </thead>
      <tbody>
        <tr
          class="hoverCol"
        >
          <td>
            <button
              aria-label="inspection.planned.deregistration.label.remove"
              class="hoverColHidden btn btn-light btn-sm"
              type="button"
            >
              <svg
                aria-hidden="true"
                class="svg-inline--fa fa-x text-danger"
                data-icon="x"
                data-prefix="fas"
                focusable="false"
                role="img"
                viewBox="0 0 384 512"
                xmlns="http://www.w3.org/2000/svg"
              >
                <path
                  d="M376.6 84.5c11.3-13.6 9.5-33.8-4.1-45.1s-33.8-9.5-45.1 4.1L192 206 56.6 43.5C45.3 29.9 25.1 28.1 11.5 39.4S-3.9 70.9 7.4 84.5L150.3 256 7.4 427.5c-11.3 13.6-9.5 33.8 4.1 45.1s33.8 9.5 45.1-4.1L192 306 327.4 468.5c11.3 13.6 31.5 15.4 45.1 4.1s15.4-31.5 4.1-45.1L233.7 256 376.6 84.5z"
                  fill="currentColor"
                />
              </svg>
            </button>
          </td>
          <td>
            Jack
             
            Doe
          </td>
          <td>
            10.05.2025 08:48
          </td>
        </tr>
        <tr
          class="hoverCol"
        >
          <td>
            <button
              aria-label="inspection.planned.deregistration.label.remove"
              class="hoverColHidden btn btn-light btn-sm"
              type="button"
            >
              <svg
                aria-hidden="true"
                class="svg-inline--fa fa-x text-danger"
                data-icon="x"
                data-prefix="fas"
                focusable="false"
                role="img"
                viewBox="0 0 384 512"
                xmlns="http://www.w3.org/2000/svg"
              >
                <path
                  d="M376.6 84.5c11.3-13.6 9.5-33.8-4.1-45.1s-33.8-9.5-45.1 4.1L192 206 56.6 43.5C45.3 29.9 25.1 28.1 11.5 39.4S-3.9 70.9 7.4 84.5L150.3 256 7.4 427.5c-11.3 13.6-9.5 33.8 4.1 45.1s33.8 9.5 45.1-4.1L192 306 327.4 468.5c11.3 13.6 31.5 15.4 45.1 4.1s15.4-31.5 4.1-45.1L233.7 256 376.6 84.5z"
                  fill="currentColor"
                />
              </svg>
            </button>
          </td>
          <td>
            Jane
             
            Smith
          </td>
          <td>
            30.04.2025 08:48
          </td>
        </tr>
      </tbody>
    </table>
  </div>
</div>
`;
